../Core/Src/main.c:69:6:selectI2CChannel	32	static
../Core/Src/main.c:74:10:readADS1115	40	static
../Core/Src/main.c:106:7:adc_to_percentage	24	static
../Core/Src/main.c:121:6:Inbedrijfstelling	8	static
../Core/Src/main.c:137:6:blinkLED	16	static
../Core/Src/main.c:152:5:main	24	static
../Core/Src/main.c:217:6:SystemClock_Config	88	static
../Core/Src/main.c:264:13:MX_I2C1_Init	8	static
../Core/Src/main.c:298:13:MX_GPIO_Init	48	static
../Core/Src/main.c:348:6:Error_Handler	4	static,ignoring_inline_asm
